// Jest Snapshot v1, https://goo.gl/fbAQLP

exports[`Theme. Snapshots. should match 1`] = `
Object {
  "disabled": "#EEEEEE",
  "onPrimary": "#FFFFFF",
  "onPrimaryVariant": "#FFFFFF",
  "onSecondary": "#393E41",
  "onSurface": "#4A4C58",
  "primary": "#44BBA4",
  "primaryVariant": "#81DBD1",
  "secondary": "#F2FCFB",
  "shadow": "#44BBA4",
  "surface": "#FFFFFF",
}
`;
