// Jest Snapshot v1, https://goo.gl/fbAQLP

exports[`Title. Snapshots. should match 1`] = `
<View
  style={
    Object {
      "margin": 20,
    }
  }
>
  <Text
    style={
      Object {
        "color": "#44BBA4",
        "fontSize": 30,
        "fontWeight": "400",
      }
    }
  >
    Test Title
  </Text>
</View>
`;
