// Jest Snapshot v1, https://goo.gl/fbAQLP

exports[`Background. Snapshots. should match 1`] = `
<LinearGradient
  colors={
    Array [
      "#FFFFFF",
      "#F2FCFB",
    ]
  }
  end={
    Object {
      "x": 0.5,
      "y": 1,
    }
  }
  start={
    Object {
      "x": 0.5,
      "y": 0,
    }
  }
  style={
    Object {
      "alignItems": "center",
      "flex": 1,
      "justifyContent": "center",
    }
  }
>
  <View>
    <Text>
      Test Content
    </Text>
  </View>
</LinearGradient>
`;
