// Jest Snapshot v1, https://goo.gl/fbAQLP

exports[`Screens > Select Mood Snapshots should match screen 1`] = `
<View
  flex={1}
>
  <Title>
    Select your mood
  </Title>
  <FlatList
    ListHeaderComponent={
      <Column
        alignItems="center"
        flex={1}
        margin={20}
      >
        <View
          marginBottom={-50}
          marginTop={-75}
        >
          <Face
            progress={0.8333333333333334}
            size={350}
          />
        </View>
        <Row>
          <Slider
            animationType="timing"
            debugTouchArea={false}
            maximumTrackTintColor="#A073B2"
            maximumValue={7}
            minimumTrackTintColor="#D4D4D5"
            minimumValue={1}
            onValueChange={[Function]}
            step={1}
            style={
              Object {
                "flex": 1,
              }
            }
            thumbTintColor="#F26AA3"
            thumbTouchSize={
              Object {
                "height": 40,
                "width": 40,
              }
            }
            trackStyle={
              Object {
                "height": 5,
              }
            }
            value={6}
          />
        </Row>
      </Column>
    }
    data={
      Array [
        Object {
          "id": "1",
          "name": "Happy",
        },
        Object {
          "id": "2",
          "name": "Excited",
        },
        Object {
          "id": "3",
          "name": "Anxious",
        },
        Object {
          "id": "4",
          "name": "Nervous",
        },
        Object {
          "id": "5",
          "name": "Relaxed",
        },
      ]
    }
    disableVirtualization={false}
    horizontal={false}
    initialNumToRender={10}
    keyExtractor={[Function]}
    maxToRenderPerBatch={10}
    numColumns={2}
    onEndReachedThreshold={2}
    removeClippedSubviews={false}
    renderItem={[Function]}
    scrollEventThrottle={50}
    updateCellsBatchingPeriod={50}
    windowSize={21}
  />
  <Regular
    disabled={true}
    flex={true}
    margin={10}
    onPress={[Function]}
  >
    NEXT
  </Regular>
</View>
`;
